// Vitest Snapshot v1, https://vitest.dev/guide/snapshot.html

exports[`renderer-sdk export surface snapshot > sorted runtime export names match committed snapshot 1`] = `
[
  "AbstractWebGl2BatchedRenderer",
  "AbstractWebGl2Renderer",
  "AbstractWebGpuRenderer",
  "BlendModes",
  "BufferTypes",
  "BufferUsage",
  "DataTexture",
  "Drawable",
  "PixelSnapMode",
  "RenderBackendType",
  "RenderTexture",
  "RendererRegistry",
  "RenderingPrimitives",
  "Shader",
  "Spritesheet",
  "StencilAttachmentMode",
  "TRANSFORM_TEXTURE_GLSL_INCLUDE",
  "Texture",
  "View",
  "WebGl2Backend",
  "WebGl2RenderBuffer",
  "WebGl2ShaderBlock",
  "WebGl2VertexArrayObject",
  "WebGpuBackend",
  "WebGpuComputePipeline",
  "WebGpuPassArena",
  "WebGpuStorageBuffer",
  "WebGpuUniformBuffer",
  "createWebGl2ShaderProgram",
  "defineRendererBinding",
  "fillShaderSource",
  "getWebGpuBlendState",
  "isSampleableTexture",
  "packAffineMat4",
  "packSnapViewport",
  "packedGroupChanged",
  "reflectComputeBindings",
  "retainedGroupUniformBytes",
  "stencilContentDepthStencilState",
  "uploadBufferRange",
  "uploadBufferStore",
]
`;
