// Vitest Snapshot v1, https://vitest.dev/guide/snapshot.html

exports[`root index type-level export inventory > all exported symbols with kind annotations match committed snapshot 1`] = `
[
  "AbstractAssetFactory: class",
  "AbstractMedia: class",
  "AbstractMediaInitialState: interface",
  "AbstractText: class",
  "AbstractWebGl2BatchedRenderer: class",
  "AbstractWebGl2Renderer: class",
  "AbstractWebGpuRenderer: class",
  "AlphaFadeOverLifetime: class",
  "AnimatedSprite: class",
  "AnimatedSpriteClipDefinition: interface",
  "AnimatedSpritePlayOptions: interface",
  "AnyAssetConfig: type alias",
  "Application: class",
  "ApplicationOptions: interface",
  "ApplicationStatus: enum",
  "ApplyForce: class",
  "ArcadeStickGamepadMapping: class",
  "Asset: interface",
  "AssetConstructor: type alias",
  "AssetDefinitions: interface",
  "AssetEntry: interface",
  "AssetFactory: interface",
  "AssetImpl: class",
  "AssetInput: type alias",
  "AssetLoaderContext: interface",
  "AssetManifest: interface",
  "Assets: type alias",
  "AssetsImpl: class",
  "AtlasMode: type alias",
  "AtlasPage: class",
  "AttractToPoint: class",
  "AttributeType: type alias",
  "AudioAnalyser: class",
  "AudioAnalyserOptions: interface",
  "AudioAnalyserSource: type alias",
  "AudioBus: class",
  "AudioBusOptions: interface",
  "AudioFilter: class",
  "AudioListener: class",
  "AudioListenerTarget: type alias",
  "AudioManager: class",
  "AudioSpriteClip: interface",
  "AutoBackendConfig: interface",
  "BackendConfig: type alias",
  "BandEnergy: interface",
  "BarInfo: interface",
  "BatchValue: type alias",
  "BeatDetector: class",
  "BeatDetectorOptions: interface",
  "BeatDetectorSource: type alias",
  "BeatInfo: interface",
  "BinaryAsset: class",
  "BinaryFactory: class",
  "BitmapText: class",
  "BitmapTextOptions: interface",
  "BlendModes: enum",
  "BlurFilter: class",
  "BlurFilterOptions: interface",
  "BmFont: class",
  "BmFontAdapter: class",
  "BmFontChar: interface",
  "BmFontData: interface",
  "BmFontLoaderFactory: class",
  "Bounds: class",
  "BoxArea: class",
  "BrowserGamepad: type alias",
  "BufferTypes: enum",
  "BufferUsage: enum",
  "BundleLoadError: class",
  "BurstSchedule: interface",
  "BurstSpawn: class",
  "BurstSpawnConfig: interface",
  "CacheFirstStrategy: class",
  "CacheRequest: interface",
  "CacheStore: interface",
  "CacheStrategy: interface",
  "CallbackRenderPass: class",
  "CanvasApplicationOptions: interface",
  "Capabilities: class",
  "ChannelOffset: const enum",
  "ChannelSize: enum",
  "ChorusFilter: class",
  "ChorusFilterOptions: interface",
  "Circle: class",
  "CircleArea: class",
  "CircleLike: interface",
  "Clock: class",
  "Cloneable: interface",
  "Collidable: interface",
  "CollisionResponse: interface",
  "CollisionType: const enum",
  "Color: class",
  "ColorFilter: class",
  "ColorGradient: class",
  "ColorGradientKey: interface",
  "ColorOverLifetime: class",
  "ColorOverSpeed: class",
  "CompressorFilter: class",
  "CompressorFilterOptions: interface",
  "ComputeBinding: interface",
  "ConeDirection: class",
  "Constant: class",
  "ConstrainedLoadable: type alias",
  "Container: class",
  "CrossFadeOptions: interface",
  "CsvAsset: class",
  "CsvFactory: class",
  "CsvFactoryOptions: interface",
  "Curve: class",
  "CurveKey: interface",
  "DataTexture: class",
  "DataTextureBuffer: type alias",
  "DataTextureDirtyRegion: interface",
  "DataTextureFormat: type alias",
  "DataTextureOptions: interface",
  "Database: interface",
  "DeathModule: class",
  "DecodedImage: type alias",
  "DelayFilter: class",
  "DelayFilterOptions: interface",
  "Destroyable: interface",
  "Distribution: interface",
  "Drag: class",
  "Drawable: class",
  "DrawableConstructor: type alias",
  "DuckingFilter: class",
  "DuckingFilterOptions: interface",
  "Ease: class",
  "EasingFunction: type alias",
  "Ellipse: class",
  "EllipseLike: interface",
  "Envelope: class",
  "EnvelopeOptions: interface",
  "EqualizerFilter: class",
  "EqualizerFilterOptions: interface",
  "ExtensionTypeMap: interface",
  "FactoryRegistry: class",
  "FadeSceneTransition: interface",
  "Filter: class",
  "Flags: class",
  "FontAsset: class",
  "FontFactory: class",
  "FontFactoryOptions: interface",
  "FontFamily: type alias",
  "FontFormat: type alias",
  "FontRegistry: interface",
  "FontWeight: type alias",
  "GameCubeGamepadMapping: class",
  "Gamepad: class",
  "GamepadAxis: class",
  "GamepadAxisOptions: interface",
  "GamepadButton: class",
  "GamepadButtonOptions: interface",
  "GamepadDefinition: interface",
  "GamepadDefinitionResult: type alias",
  "GamepadDescriptor: interface",
  "GamepadInfo: interface",
  "GamepadMapping: class",
  "GamepadMappingFamily: enum",
  "GamepadPromptControl: type alias",
  "GamepadPromptLayouts: class",
  "GamepadSlotStrategy: type alias",
  "GamepadVibrationOptions: interface",
  "GenericDualAnalogGamepadMapping: class",
  "Geometry: class",
  "GeometryAttribute: interface",
  "GeometryOptions: interface",
  "GeometryUsage: type alias",
  "GlyphAtlas: class",
  "GlyphAtlasPool: class",
  "GlyphInfo: interface",
  "GlyphKey: type alias",
  "GlyphPlacement: interface",
  "GlyphProvider: interface",
  "Gradient: class",
  "GradientAxis: type alias",
  "GradientStop: interface",
  "GradientToTextureOptions: interface",
  "GranularFilter: class",
  "GranularFilterOptions: interface",
  "Graphics: class",
  "HTMLText: class",
  "HTMLTextOptions: interface",
  "HasBoundingBox: interface",
  "HighpassFilter: class",
  "HighpassFilterOptions: interface",
  "ImageAsset: class",
  "ImageFactory: class",
  "ImageFactoryOptions: interface",
  "IndexedDbDatabase: class",
  "IndexedDbStore: class",
  "IndexedDbStoreOptions: interface",
  "InferAssetResource: type alias",
  "InferAssetsEntries: type alias",
  "InferLoadedMap: type alias",
  "InputApplicationOptions: interface",
  "InputBinding: class",
  "InputBindingOptions: interface",
  "InputChannel: type alias",
  "InputManager: class",
  "InteractionEvent: class",
  "InteractionEventType: type alias",
  "InteractionManager: class",
  "Interval: class",
  "JoyConLeftGamepadMapping: class",
  "JoyConRightGamepadMapping: class",
  "Json: class",
  "JsonFactory: class",
  "JsonStore: class",
  "JsonStoreOptions: interface",
  "Keyboard: enum",
  "LayoutOptions: interface",
  "LifetimeFunction: interface",
  "Line: class",
  "LineLike: interface",
  "LineSegment: class",
  "LinearGradient: class",
  "LoadBundleOptions: interface",
  "LoadByPath: type alias",
  "LoadReturn: type alias",
  "Loadable: type alias",
  "Loader: class",
  "LoaderOptions: interface",
  "LoadingProgress: interface",
  "LoadingQueue: class",
  "LowpassFilter: class",
  "LowpassFilterOptions: interface",
  "LutFilter: class",
  "LutFilterOptions: interface",
  "LutMode: type alias",
  "MaskSource: type alias",
  "Material: class",
  "MaterialOptions: interface",
  "Matrix: class",
  "Media: interface",
  "Mesh: class",
  "MeshGeometryData: interface",
  "MeshMaterial: class",
  "MeshOptions: interface",
  "Music: class",
  "MusicFactory: class",
  "MusicFactoryOptions: interface",
  "Mutable: type alias",
  "NetworkOnlyStrategy: class",
  "ObservableSize: class",
  "ObservableVector: class",
  "OrbitalForce: class",
  "OscillatorPlayOptions: interface",
  "OscillatorSound: class",
  "OscillatorSoundOptions: interface",
  "OscillatorType: type alias",
  "ParticleGpuState: class",
  "ParticleSystem: class",
  "ParticleSystemOptions: interface",
  "PitchShiftFilter: class",
  "PitchShiftFilterOptions: interface",
  "PlayOptions: interface",
  "PlayStationGamepadMapping: class",
  "PlaybackOptions: interface",
  "PointLike: interface",
  "Pointer: class",
  "PointerState: enum",
  "PointerStateFlag: enum",
  "PolarVector: class",
  "Polygon: class",
  "PolygonLike: interface",
  "PopSceneOptions: interface",
  "PushSceneOptions: interface",
  "Quadtree: class",
  "QuadtreeItem: interface",
  "RadialGradient: class",
  "Random: class",
  "Range: class",
  "RateSpawn: class",
  "RateSpawnConfig: interface",
  "Rectangle: class",
  "RectangleLike: interface",
  "RenderBackend: interface",
  "RenderBackendType: enum",
  "RenderNode: class",
  "RenderPass: interface",
  "RenderStats: interface",
  "RenderTarget: class",
  "RenderTargetPass: class",
  "RenderTargetPassOptions: interface",
  "RenderTexture: class",
  "RenderToOptions: interface",
  "Renderer: interface",
  "RendererRegistry: class",
  "RenderingApplicationOptions: interface",
  "RenderingPrimitives: enum",
  "RepelFromPoint: class",
  "ResolvedGamepadDefinition: interface",
  "ReverbFilter: class",
  "ReverbFilterOptions: interface",
  "RotateOverLifetime: class",
  "SDF_RADIUS: variable",
  "Sampler: class",
  "SamplerOptions: interface",
  "ScaleModes: enum",
  "ScaleOverLifetime: class",
  "Scene: class",
  "SceneManager: class",
  "SceneNode: class",
  "SceneParticipationPolicy: interface",
  "SceneStackMode: type alias",
  "SceneTransition: type alias",
  "Segment: class",
  "SetSceneOptions: interface",
  "Shader: class",
  "ShaderAttribute: class",
  "ShaderFilterUniformValue: type alias",
  "ShaderPrimitives: enum",
  "ShaderProgram: interface",
  "ShaderSource: class",
  "ShaderSourceOptions: interface",
  "ShaderUniform: class",
  "ShapeLike: interface",
  "Signal: class",
  "Size: class",
  "Sound: class",
  "SoundFactory: class",
  "SoundFactoryOptions: interface",
  "SoundOptions: interface",
  "SoundPoolStrategy: enum",
  "SpawnModule: class",
  "SpawnOnDeath: class",
  "SpectrumMappingOptions: interface",
  "Sprite: class",
  "SpriteFlags: enum",
  "SpriteMaterial: class",
  "Spritesheet: class",
  "SpritesheetData: interface",
  "SpritesheetFrame: interface",
  "SteamControllerGamepadMapping: class",
  "SteamDeckGamepadMapping: class",
  "StreamingLoadEvent: type alias",
  "StyleChangeHint: type alias",
  "SubtitleAsset: class",
  "SubtitleFactory: class",
  "SvgAsset: class",
  "SvgFactory: class",
  "SvgFactoryOptions: interface",
  "SweptHit: interface",
  "SwitchProGamepadMapping: class",
  "TempoCandidate: interface",
  "Text: class",
  "TextAlignment: type alias",
  "TextAsset: class",
  "TextFactory: class",
  "TextLayoutStyle: interface",
  "TextPageQuads: interface",
  "TextSize: interface",
  "TextStyle: class",
  "TextStyleOptions: interface",
  "Texture: class",
  "TextureFactory: class",
  "TextureFactoryOptions: interface",
  "TextureSource: type alias",
  "Time: class",
  "TimeInterval: type alias",
  "TimeSignature: interface",
  "Timer: class",
  "Topology: type alias",
  "Turbulence: class",
  "Tween: class",
  "TweenLifecycleCallback: type alias",
  "TweenManager: class",
  "TweenState: enum",
  "TweenUpdateCallback: type alias",
  "TypedArray: type alias",
  "TypedEnum: type alias",
  "UniformValue: type alias",
  "UpcomingBeat: interface",
  "UpdateModule: class",
  "ValueOf: type alias",
  "Vector: class",
  "VectorRange: class",
  "VelocityOverLifetime: class",
  "Video: class",
  "VideoFactory: class",
  "VideoFactoryOptions: interface",
  "View: class",
  "ViewFlags: enum",
  "ViewFollowOptions: interface",
  "ViewFollowTarget: type alias",
  "ViewShakeOptions: interface",
  "VocoderFilter: class",
  "VocoderFilterOptions: interface",
  "VoronoiRegion: const enum",
  "WasmAsset: class",
  "WasmFactory: class",
  "WebGl2Backend: class",
  "WebGl2BackendConfig: interface",
  "WebGl2MeshRenderer: class",
  "WebGl2ParticleRenderer: class",
  "WebGl2RenderBuffer: class",
  "WebGl2RenderBufferRuntime: interface",
  "WebGl2ShaderBlock: class",
  "WebGl2ShaderFilter: class",
  "WebGl2ShaderFilterOptions: interface",
  "WebGl2SpriteRenderer: class",
  "WebGl2TextRenderer: class",
  "WebGl2VertexArrayObject: class",
  "WebGl2VertexArrayObjectRuntime: interface",
  "WebGpuBackend: class",
  "WebGpuBackendConfig: interface",
  "WebGpuComputePipeline: class",
  "WebGpuMeshRenderer: class",
  "WebGpuParticleRenderer: class",
  "WebGpuShaderFilter: class",
  "WebGpuShaderFilterOptions: interface",
  "WebGpuSpriteRenderer: class",
  "WebGpuStorageBuffer: class",
  "WebGpuTextRenderer: class",
  "WgslContribution: interface",
  "WgslPrimitive: type alias",
  "WgslTextureBinding: interface",
  "WgslUniformField: interface",
  "WorkletFilter: class",
  "WrapModes: enum",
  "XboxGamepadMapping: class",
  "XmlAsset: class",
  "XmlFactory: class",
  "bezierCurveTo: variable",
  "buildCircle: variable",
  "buildEllipse: variable",
  "buildLine: variable",
  "buildPath: variable",
  "buildPolygon: variable",
  "buildRectangle: variable",
  "buildStar: variable",
  "buildTextPageQuads: function",
  "builtInGamepadDefinitions: variable",
  "canvasSourceToDataUrl: variable",
  "clamp: variable",
  "createRenderStats: variable",
  "createWebGl2ShaderProgram: function",
  "crossFade: function",
  "decodeAudioData: variable",
  "defineAssetManifest: function",
  "degreesPerRadian: variable",
  "degreesToRadians: variable",
  "determineMimeType: variable",
  "disposeAudioManager: function",
  "emptyArrayBuffer: variable",
  "getAudioContext: variable",
  "getAudioManager: function",
  "getCanvasSourceSize: variable",
  "getCollisionCircleCircle: variable",
  "getCollisionCircleRectangle: variable",
  "getCollisionEllipseCircle: variable",
  "getCollisionEllipseEllipse: variable",
  "getCollisionEllipseRectangle: variable",
  "getCollisionPolygonCircle: variable",
  "getCollisionRectangleRectangle: variable",
  "getCollisionSat: variable",
  "getDefaultGlyphAtlasPool: function",
  "getDistance: variable",
  "getOfflineAudioContext: variable",
  "getPreciseTime: variable",
  "getTextureSourceSize: variable",
  "getVoronoiRegion: variable",
  "getWebGpuBlendState: function",
  "hours: variable",
  "inRange: variable",
  "intersectionCircleCircle: variable",
  "intersectionCircleEllipse: variable",
  "intersectionCirclePoly: variable",
  "intersectionEllipseEllipse: variable",
  "intersectionEllipsePoly: variable",
  "intersectionLineCircle: variable",
  "intersectionLineEllipse: variable",
  "intersectionLineLine: variable",
  "intersectionLinePoly: variable",
  "intersectionLineRect: variable",
  "intersectionPointCircle: variable",
  "intersectionPointEllipse: variable",
  "intersectionPointLine: variable",
  "intersectionPointPoint: variable",
  "intersectionPointPoly: variable",
  "intersectionPointRect: variable",
  "intersectionPolyPoly: variable",
  "intersectionRectCircle: variable",
  "intersectionRectEllipse: variable",
  "intersectionRectPoly: variable",
  "intersectionRectRect: variable",
  "intersectionSat: variable",
  "isAudioContextReady: variable",
  "isPowerOfTwo: variable",
  "layoutText: function",
  "lerp: variable",
  "matchesIds: variable",
  "maxPointers: variable",
  "measureText: function",
  "milliseconds: variable",
  "minutes: variable",
  "noop: variable",
  "onAudioContextReady: variable",
  "parseBmFontText: function",
  "parseGamepadDescriptor: variable",
  "perfClearMarks: variable",
  "perfClearMeasures: variable",
  "perfMark: variable",
  "perfMeasure: variable",
  "pointerSlotSize: variable",
  "quadraticCurveTo: variable",
  "radiansPerDegree: variable",
  "radiansToDegrees: variable",
  "rand: variable",
  "registerAudioWorkletProcessor: function",
  "removeArrayItems: variable",
  "resetDefaultGlyphAtlasPool: function",
  "resetRenderStats: variable",
  "resolveDefinition: variable",
  "resolveGamepadDefinition: variable",
  "seconds: variable",
  "sign: variable",
  "stopEvent: variable",
  "substepSweep: function",
  "supportsCodec: variable",
  "supportsEventOptions: variable",
  "supportsIndexedDb: variable",
  "supportsPointerEvents: variable",
  "supportsTouchEvents: variable",
  "supportsWebAudio: variable",
  "sweepCircleAgainst: function",
  "sweepCircleVsCircle: function",
  "sweepCircleVsRectangle: function",
  "sweepRectangle: function",
  "sweepRectangleAgainst: function",
  "tau: variable",
  "trimRotation: variable",
  "upgradeFragmentShaderToGl300: function",
  "vibrate: variable",
  "webGl2PrimitiveArrayConstructors: variable",
  "webGl2PrimitiveByteSizeMapping: variable",
  "webGl2PrimitiveTypeNames: variable",
  "wgslFieldLayout: variable",
  "wgslUniformByteSize: variable",
]
`;
