// Vitest Snapshot v1, https://vitest.dev/guide/snapshot.html

exports[`root index export surface snapshot > sorted runtime export names match committed snapshot 1`] = `
[
  "AbstractAssetFactory",
  "AbstractText",
  "ActionBase",
  "ActionMap",
  "AmbiguousSceneInstanceError",
  "AnimatedSprite",
  "AnimationManager",
  "Application",
  "ApplicationState",
  "Asset",
  "AssetCacheError",
  "AssetNetworkError",
  "AssetRef",
  "Assets",
  "AudioBus",
  "AudioEffect",
  "AudioGenerator",
  "AudioInput",
  "AudioListener",
  "AudioManager",
  "AudioStream",
  "AxisAction",
  "BinaryAsset",
  "BinaryFactory",
  "BindingProfile",
  "BiquadEffect",
  "BitmapText",
  "BlendModes",
  "BlurFilter",
  "BmFont",
  "BmFontAdapter",
  "BmFontLoaderFactory",
  "Bounds",
  "BrowserPlatform",
  "BufferTypes",
  "BufferUsage",
  "Button",
  "ButtonAction",
  "ButtonLikeAction",
  "CacheFirstStrategy",
  "CallbackRenderPass",
  "Capabilities",
  "ChannelOffset",
  "ChannelSize",
  "ChordAction",
  "Circle",
  "Clock",
  "Codec",
  "Collision",
  "CollisionType",
  "Color",
  "ColorMatrixFilter",
  "ConcurrentSceneNavigationError",
  "Container",
  "CrossFadeSceneTransition",
  "CsvAsset",
  "CsvFactory",
  "DataTexture",
  "DestroyScope",
  "Drawable",
  "DuplicateSceneRegistrationError",
  "DynamicAabbTree",
  "Ease",
  "Ellipse",
  "Envelope",
  "FadeSceneTransition",
  "Filter",
  "Flags",
  "FontAsset",
  "FontFactory",
  "Gamepad",
  "GamepadAxis",
  "GamepadButton",
  "GamepadMapping",
  "GamepadMappingFamily",
  "GamepadMappingLayout",
  "GamepadPromptLayouts",
  "Geometry",
  "GlyphAtlas",
  "GlyphMetrics",
  "Gradient",
  "Graphics",
  "HTMLText",
  "HighpassFilter",
  "INSTANCE_TRANSFORM_GLSL",
  "INSTANCE_TRANSFORM_WGSL",
  "ImageAsset",
  "ImageFactory",
  "IndexedDbDatabase",
  "IndexedDbKeyValueStore",
  "IndexedDbStore",
  "InputBinding",
  "InputManager",
  "InputScope",
  "InteractionEvent",
  "InteractionManager",
  "Interval",
  "InvalidSceneRegistrationError",
  "Json",
  "JsonFactory",
  "KeyEvent",
  "Keyboard",
  "Label",
  "Line",
  "LinearGradient",
  "LoadPriority",
  "Loader",
  "LoaderScope",
  "LoadingQueue",
  "LogSeverity",
  "Logger",
  "LowpassFilter",
  "LutFilter",
  "Material",
  "MathUtils",
  "Matrix",
  "MemoryStore",
  "Mesh",
  "MeshBuilder",
  "MeshMaterial",
  "MusicFactory",
  "NetworkOnlyStrategy",
  "NineSliceSprite",
  "ObservableSize",
  "ObservableVector",
  "OffscreenPlatform",
  "Panel",
  "PassContext",
  "Perf",
  "PhasedSceneTransition",
  "PixelSnapMode",
  "PlayStationGeneration",
  "Pointer",
  "PointerButton",
  "PointerState",
  "PolarVector",
  "Polygon",
  "Prefab",
  "ProgressBar",
  "Quadtree",
  "RadialGradient",
  "Random",
  "Rectangle",
  "RenderBackendType",
  "RenderBatch",
  "RenderError",
  "RenderNode",
  "RenderNodePass",
  "RenderPass",
  "RenderPipeline",
  "RenderTarget",
  "RenderTexture",
  "RenderingContext",
  "RenderingPrimitives",
  "RepeatingSprite",
  "RetainedContainer",
  "RetainedSceneConflictError",
  "RetainedSceneNotFoundError",
  "SERIALIZATION_VERSION",
  "ScaleModes",
  "Scene",
  "SceneAvailability",
  "SceneDirector",
  "SceneInstanceNotFoundError",
  "SceneNavigationAbortedError",
  "SceneNode",
  "SceneState",
  "SceneTransition",
  "SceneTransitionLifecycleError",
  "ScrollContainer",
  "SequenceAction",
  "SerializationRegistry",
  "Shader",
  "ShaderAttribute",
  "ShaderFilter",
  "ShaderFilterBackendError",
  "ShaderPrimitives",
  "ShaderSource",
  "ShaderUniform",
  "Signal",
  "Size",
  "SlideSceneTransition",
  "Sound",
  "SoundFactory",
  "SoundPoolStrategy",
  "Sprite",
  "SpriteFlags",
  "SpriteMaterial",
  "Spritesheet",
  "Stack",
  "SubtitleAsset",
  "SubtitleFactory",
  "SvgAsset",
  "SvgFactory",
  "Sweep",
  "SystemOrder",
  "SystemRegistry",
  "TAU",
  "Text",
  "TextAsset",
  "TextFactory",
  "TextStyle",
  "Texture",
  "TextureFactory",
  "TextureFormat",
  "TextureRegion",
  "Time",
  "Timer",
  "Tooltip",
  "Tween",
  "TweenManager",
  "TweenSequencer",
  "TweenSequencerState",
  "TweenState",
  "UIRoot",
  "UnregisteredSceneError",
  "Vector",
  "VectorAction",
  "Video",
  "VideoFactory",
  "View",
  "ViewFlags",
  "WasmAsset",
  "WasmFactory",
  "WebStorageStore",
  "Widget",
  "WorkletEffect",
  "WrapModes",
  "XmlAsset",
  "XmlFactory",
  "buildInfo",
  "clamp",
  "createArcadeStickGamepadMapping",
  "createJoyConLeftGamepadMapping",
  "createJoyConRightGamepadMapping",
  "createPlayStationGamepadMapping",
  "createRenderStats",
  "createStandardGamepadMapping",
  "createSteamControllerGamepadMapping",
  "createSteamDeckGamepadMapping",
  "createSwitchProGamepadMapping",
  "createXboxGamepadMapping",
  "crossFade",
  "decodeAudioData",
  "defineAsset",
  "formatShaderError",
  "getAudioContext",
  "getOfflineAudioContext",
  "inRange",
  "inputChannelFromToken",
  "inputToken",
  "isAdvancedBlendMode",
  "isAudioContextReady",
  "isDomCanvas",
  "isPowerOfTwo",
  "keyboardChannelFromCode",
  "lerp",
  "logger",
  "maxPointers",
  "onAudioContextReady",
  "pointerSlotSize",
  "registerAudioWorkletProcessor",
  "registerSerializer",
  "resetRenderStats",
  "sign",
  "triangulate",
]
`;
