// Jest Snapshot v1, https://jestjs.io/docs/snapshot-testing

exports[`root index export surface snapshot sorted runtime export names match committed snapshot 1`] = `
[
  "AbstractAssetFactory",
  "AbstractMedia",
  "AbstractWebGl2BatchedRenderer",
  "AbstractWebGl2Renderer",
  "AbstractWebGpuRenderer",
  "AnimatedSprite",
  "Application",
  "ApplicationStatus",
  "ArcadeStickGamepadMapping",
  "AudioAnalyser",
  "BinaryFactory",
  "BlendModes",
  "BlurFilter",
  "Bounds",
  "BufferTypes",
  "BufferUsage",
  "BundleLoadError",
  "CacheFirstStrategy",
  "CallbackRenderPass",
  "Capabilities",
  "ChannelSize",
  "Circle",
  "Clock",
  "Color",
  "ColorAffector",
  "ColorFilter",
  "Container",
  "DebugOverlay",
  "Drawable",
  "DynamicGlyphAtlas",
  "Ease",
  "Ellipse",
  "FactoryRegistry",
  "Filter",
  "Flags",
  "FontFactory",
  "ForceAffector",
  "GameCubeGamepadMapping",
  "Gamepad",
  "GamepadChannel",
  "GamepadControl",
  "GamepadMapping",
  "GamepadMappingFamily",
  "GamepadPromptLayouts",
  "GenericDualAnalogGamepadMapping",
  "Graphics",
  "ImageFactory",
  "IndexedDbDatabase",
  "IndexedDbStore",
  "Input",
  "InputManager",
  "InteractionEvent",
  "InteractionManager",
  "Interval",
  "JoyConLeftGamepadMapping",
  "JoyConRightGamepadMapping",
  "Json",
  "JsonFactory",
  "Keyboard",
  "Line",
  "Loader",
  "Matrix",
  "Mesh",
  "Music",
  "MusicFactory",
  "NetworkOnlyStrategy",
  "ObservableSize",
  "ObservableVector",
  "Particle",
  "ParticleOptions",
  "ParticleSystem",
  "PlayStationGamepadMapping",
  "Pointer",
  "PointerState",
  "PointerStateFlag",
  "PolarVector",
  "Polygon",
  "Quadtree",
  "Random",
  "Rectangle",
  "RenderBackendType",
  "RenderNode",
  "RenderTarget",
  "RenderTargetPass",
  "RenderTexture",
  "RendererRegistry",
  "RenderingPrimitives",
  "Sampler",
  "ScaleAffector",
  "ScaleModes",
  "Scene",
  "SceneManager",
  "SceneNode",
  "Segment",
  "Shader",
  "ShaderAttribute",
  "ShaderPrimitives",
  "ShaderUniform",
  "Signal",
  "Size",
  "Sound",
  "SoundFactory",
  "Sprite",
  "SpriteFlags",
  "Spritesheet",
  "SteamControllerGamepadMapping",
  "SvgAsset",
  "SvgFactory",
  "SwitchProGamepadMapping",
  "Text",
  "TextAsset",
  "TextFactory",
  "TextStyle",
  "Texture",
  "TextureFactory",
  "Time",
  "Timer",
  "TorqueAffector",
  "Tween",
  "TweenManager",
  "TweenState",
  "UniversalEmitter",
  "Vector",
  "Video",
  "VideoFactory",
  "View",
  "ViewFlags",
  "VttAsset",
  "VttFactory",
  "WasmFactory",
  "WebGl2Backend",
  "WebGl2MeshRenderer",
  "WebGl2ParticleRenderer",
  "WebGl2RenderBuffer",
  "WebGl2ShaderBlock",
  "WebGl2SpriteRenderer",
  "WebGl2VertexArrayObject",
  "WebGpuBackend",
  "WebGpuMeshRenderer",
  "WebGpuParticleRenderer",
  "WebGpuSpriteRenderer",
  "WrapModes",
  "XboxGamepadMapping",
  "bezierCurveTo",
  "buildCircle",
  "buildEllipse",
  "buildLine",
  "buildPath",
  "buildPolygon",
  "buildRectangle",
  "buildStar",
  "builtInGamepadDefinitions",
  "canvasSourceToDataUrl",
  "clamp",
  "createRenderStats",
  "createWebGl2ShaderProgram",
  "decodeAudioData",
  "defineAssetManifest",
  "degreesPerRadian",
  "degreesToRadians",
  "determineMimeType",
  "emptyArrayBuffer",
  "getAudioContext",
  "getCanvasSourceSize",
  "getCollisionCircleCircle",
  "getCollisionCircleRectangle",
  "getCollisionPolygonCircle",
  "getCollisionRectangleRectangle",
  "getCollisionSat",
  "getDistance",
  "getOfflineAudioContext",
  "getPreciseTime",
  "getTextureSourceSize",
  "getVoronoiRegion",
  "getWebGpuBlendState",
  "hours",
  "inRange",
  "intersectionCircleCircle",
  "intersectionCircleEllipse",
  "intersectionCirclePoly",
  "intersectionEllipseEllipse",
  "intersectionEllipsePoly",
  "intersectionLineCircle",
  "intersectionLineEllipse",
  "intersectionLineLine",
  "intersectionLinePoly",
  "intersectionLineRect",
  "intersectionPointCircle",
  "intersectionPointEllipse",
  "intersectionPointLine",
  "intersectionPointPoint",
  "intersectionPointPoly",
  "intersectionPointRect",
  "intersectionPolyPoly",
  "intersectionRectCircle",
  "intersectionRectEllipse",
  "intersectionRectPoly",
  "intersectionRectRect",
  "intersectionSat",
  "isAudioContextReady",
  "isPowerOfTwo",
  "layoutText",
  "lerp",
  "matchesIds",
  "maxPointers",
  "milliseconds",
  "minutes",
  "noop",
  "normalizeIds",
  "onAudioContextReady",
  "parseGamepadDescriptor",
  "pointerSlotSize",
  "quadraticCurveTo",
  "radiansPerDegree",
  "radiansToDegrees",
  "rand",
  "removeArrayItems",
  "resetRenderStats",
  "resolveDefinition",
  "resolveGamepadDefinition",
  "seconds",
  "sign",
  "stopEvent",
  "substepSweep",
  "supportsCodec",
  "supportsEventOptions",
  "supportsIndexedDb",
  "supportsPointerEvents",
  "supportsTouchEvents",
  "supportsWebAudio",
  "sweepCircleAgainst",
  "sweepCircleVsCircle",
  "sweepCircleVsRectangle",
  "sweepRectangle",
  "sweepRectangleAgainst",
  "tau",
  "trimRotation",
  "webGl2PrimitiveArrayConstructors",
  "webGl2PrimitiveByteSizeMapping",
  "webGl2PrimitiveTypeNames",
]
`;
