// Vitest Snapshot v1, https://vitest.dev/guide/snapshot.html

exports[`root index type-level export inventory > all exported symbols with kind annotations match committed snapshot 1`] = `
[
  "AabbLike: interface",
  "AbstractText: class",
  "Action: type alias",
  "ActionBase: class",
  "ActionBinding: type alias",
  "ActionKind: type alias",
  "ActionMap: type alias",
  "ActionMapOptions: interface",
  "ActionOptions: interface",
  "ActionRecord: type alias",
  "AmbiguousSceneInstanceError: class",
  "AnimatedSprite: class",
  "AnimatedSpriteClipDefinition: interface",
  "AnimatedSpritePlayOptions: interface",
  "AnimationSystem: class",
  "AnyActionMap: type alias",
  "AnyAssetConfig: type alias",
  "AnyAssetType: type alias",
  "AnyAssets: type alias",
  "AnySceneConstructor: type alias",
  "Application: class",
  "ApplicationLike: type alias",
  "ApplicationOf: type alias",
  "ApplicationOptions: interface",
  "ApplicationState: enum",
  "Asset: interface",
  "AssetCache: class",
  "AssetCacheError: class",
  "AssetCacheErrorOptions: interface",
  "AssetCacheMissError: class",
  "AssetCacheOperation: type alias",
  "AssetCacheOptions: interface",
  "AssetConstructor: type alias",
  "AssetDecodeError: class",
  "AssetDecodeErrorOptions: interface",
  "AssetDefinitions: interface",
  "AssetDependencyScope: type alias",
  "AssetFactory: interface",
  "AssetFactoryContext: interface",
  "AssetIdentity: interface",
  "AssetInput: type alias",
  "AssetInspection: interface",
  "AssetLeaf: type alias",
  "AssetLocator: type alias",
  "AssetNetworkError: class",
  "AssetNetworkErrorOptions: interface",
  "AssetOwnerInspection: interface",
  "AssetRef: class",
  "AssetRequest: interface",
  "AssetSizeStats: interface",
  "AssetSourceCodec: interface",
  "AssetStats: interface",
  "AssetStatus: interface",
  "AssetType: class",
  "AssetTypeName: type alias",
  "AssetTypeStats: interface",
  "AssetVariant: interface",
  "AssetVariantProfile: interface",
  "AssetVariantSet: class",
  "Assets: type alias",
  "AtLeastOne: type alias",
  "AtlasMode: type alias",
  "AtlasPage: class",
  "AttributeType: type alias",
  "AudioBus: class",
  "AudioBusOptions: interface",
  "AudioEffect: class",
  "AudioGenerator: class",
  "AudioGeneratorOptions: interface",
  "AudioInput: class",
  "AudioInputOptions: interface",
  "AudioListener: class",
  "AudioListenerTarget: type alias",
  "AudioSend: class",
  "AudioSpriteClip: interface",
  "AudioStream: class",
  "AudioSystem: class",
  "AudioUnsupportedError: class",
  "AudioZone: class",
  "AudioZoneCircle: interface",
  "AudioZoneOptions: interface",
  "AudioZoneShape: type alias",
  "AutoBackendConfig: interface",
  "AxisAction: class",
  "AxisBinding: type alias",
  "AxisCompositeBinding: interface",
  "BackendConfig: type alias",
  "BackendRenderPass: interface",
  "BinaryAsset: class",
  "BinaryAssetType: class",
  "BindingConflict: interface",
  "BindingProfile: class",
  "BindingProfileData: interface",
  "BiquadEffect: class",
  "BiquadEffectOptions: interface",
  "BitmapText: class",
  "BitmapTextOptions: interface",
  "BlendModes: enum",
  "BlurFilter: class",
  "BlurFilterOptions: interface",
  "BmFont: class",
  "BmFontAdapter: class",
  "BmFontAssetType: class",
  "BmFontChar: interface",
  "BmFontData: interface",
  "Bounds: class",
  "BrowserGamepad: type alias",
  "BrowserPlatform: class",
  "BufferTypes: enum",
  "BufferUsage: enum",
  "BuildInfo: interface",
  "Button: class",
  "ButtonAction: class",
  "ButtonBinding: type alias",
  "ButtonLikeAction: class",
  "ButtonOptions: interface",
  "ButtonState: type alias",
  "CacheContext: interface",
  "CacheFirstPolicy: class",
  "CacheLayout: interface",
  "CacheLayoutContext: interface",
  "CacheOnlyPolicy: class",
  "CachePolicy: interface",
  "CachePolicyResolutionContext: interface",
  "CachePolicyResolver: interface",
  "CachePolicySource: type alias",
  "CacheReadResult: type alias",
  "CacheRecordKey: interface",
  "CacheRoute: class",
  "CacheRouteOptions: interface",
  "CacheStore: interface",
  "CallbackRenderPass: class",
  "CallbackRenderPassOptions: interface",
  "CanvasAlphaMode: type alias",
  "CanvasApplicationOptions: interface",
  "CanvasSizing: class",
  "CanvasSizingContext: interface",
  "CanvasSizingHostMetrics: interface",
  "CanvasSizingMetrics: interface",
  "Capabilities: class",
  "CappedResolutionCanvasSizing: class",
  "CaptureOptions: interface",
  "CatalogEntry: type alias",
  "CatalogResourceLeaf: type alias",
  "CatalogValueLeaf: type alias",
  "ChangeSceneArgs: type alias",
  "ChangeSceneOptions: type alias",
  "ChannelOffset: const enum",
  "ChannelSize: enum",
  "CheckableOptions: interface",
  "CheckableWidget: class",
  "Checkbox: class",
  "CheckboxOptions: interface",
  "ChordAction: class",
  "ChordBinding: type alias",
  "Circle: class",
  "CircleLike: interface",
  "Clock: class",
  "Cloneable: interface",
  "Codec: variable",
  "Collidable: interface",
  "Collision: variable",
  "CollisionResponse: interface",
  "CollisionType: const enum",
  "Color: class",
  "ColorInput: type alias",
  "ColorMatrixEntries: type alias",
  "ColorMatrixFilter: class",
  "ColorTextureFormat: type alias",
  "CompositionState: type alias",
  "CompressedBlockLayout: interface",
  "CompressedTexture: class",
  "CompressedTextureFormat: enum",
  "CompressedTextureLevel: interface",
  "CompressedTextureOptions: interface",
  "CompressedTexturePayload: interface",
  "ConcurrentSceneNavigationError: class",
  "Connectivity: class",
  "ConnectivityPolicyResolver: class",
  "ConnectivityPolicyResolverOptions: interface",
  "ConnectivityState: type alias",
  "ConstructorOf: type alias",
  "Container: class",
  "ContextMenuRequest: interface",
  "CrossFadeOptions: interface",
  "CrossFadeSceneTransition: class",
  "CrossFadeSceneTransitionOptions: interface",
  "CsvAsset: class",
  "CsvAssetOptions: interface",
  "CsvAssetType: class",
  "DataTexture: class",
  "DataTextureBuffer: type alias",
  "DataTextureDirtyRegion: interface",
  "DataTextureFormat: type alias",
  "DataTextureOptions: interface",
  "Database: interface",
  "DecodedImage: type alias",
  "DecompressFormat: type alias",
  "DeepReadonly: type alias",
  "DeserializeContext: interface",
  "DestroyScope: class",
  "Destroyable: interface",
  "DisplacementFilter: class",
  "DisplacementFilterOptions: interface",
  "DistanceModel: type alias",
  "DockContainer: class",
  "DockContainerOptions: interface",
  "DockRegion: type alias",
  "DrawBatchOptions: interface",
  "DrawContext: interface",
  "DrawGeometryOptions: interface",
  "Drawable: class",
  "DropShadowFilter: class",
  "DropShadowFilterOptions: interface",
  "Dropdown: class",
  "DropdownItem: interface",
  "DropdownOptions: interface",
  "DuplicateSceneRegistrationError: class",
  "DynamicAabbTree: class",
  "Ease: variable",
  "EasingFunction: type alias",
  "Ellipse: class",
  "EllipseLike: interface",
  "Envelope: class",
  "EnvelopeOptions: interface",
  "Extension: interface",
  "ExtensionDisposer: type alias",
  "ExtensionKindMap: interface",
  "FadeSceneTransition: class",
  "FadeSceneTransitionOptions: interface",
  "Filter: class",
  "FixedResolutionCanvasSizing: class",
  "Flags: class",
  "FocusDirection: type alias",
  "FocusNavigationPolicy: type alias",
  "FontAsset: class",
  "FontAssetOptions: interface",
  "FontAssetType: class",
  "FontFamily: type alias",
  "FontFormat: type alias",
  "FontRegistry: interface",
  "FontStyle: type alias",
  "FontTypefaceKey: interface",
  "FontVariant: type alias",
  "FontVariantKey: interface",
  "FontWeight: type alias",
  "FrameScheduler: interface",
  "Gamepad: class",
  "GamepadAxis: class",
  "GamepadAxisChannel: type alias",
  "GamepadAxisOptions: interface",
  "GamepadButton: class",
  "GamepadButtonChannel: type alias",
  "GamepadButtonOptions: interface",
  "GamepadDefinition: interface",
  "GamepadDefinitionResult: type alias",
  "GamepadDescriptor: interface",
  "GamepadInfo: interface",
  "GamepadMapping: class",
  "GamepadMappingData: interface",
  "GamepadMappingFamily: enum",
  "GamepadMappingLayout: enum",
  "GamepadPromptControl: type alias",
  "GamepadPromptLayouts: class",
  "GamepadSlot: type alias",
  "GamepadSlotStrategy: type alias",
  "GamepadVibrationOptions: interface",
  "Geometry: class",
  "GeometryAttribute: interface",
  "GeometryOptions: interface",
  "GeometryUsage: type alias",
  "GlyphAtlas: class",
  "GlyphInfo: interface",
  "GlyphKey: type alias",
  "GlyphMetrics: class",
  "GlyphPlacement: interface",
  "GlyphProvider: interface",
  "Gradient: class",
  "GradientStop: interface",
  "GradientToTextureOptions: interface",
  "GradientType: type alias",
  "Graphics: class",
  "HTMLText: class",
  "HTMLTextOptions: interface",
  "HasBoundingBox: interface",
  "HighpassFilter: class",
  "HighpassFilterOptions: interface",
  "HostRealm: type alias",
  "INSTANCE_TRANSFORM_GLSL: variable",
  "INSTANCE_TRANSFORM_WGSL: variable",
  "ImageAsset: class",
  "ImageAssetOptions: interface",
  "ImageAssetType: class",
  "IndexedDbDatabase: class",
  "IndexedDbKeyValueStore: class",
  "IndexedDbKeyValueStoreOptions: interface",
  "IndexedDbStore: class",
  "IndexedDbStoreOptions: interface",
  "InferAssetResource: type alias",
  "InferAssetsEntries: type alias",
  "InferLoadedEntry: type alias",
  "InferLoadedMap: type alias",
  "InferSceneData: type alias",
  "InputAlternation: type alias",
  "InputApplicationOptions: interface",
  "InputBinding: class",
  "InputBindingError: class",
  "InputBindingOptions: interface",
  "InputChannel: type alias",
  "InputChord: type alias",
  "InputScope: class",
  "InputSequence: type alias",
  "InputSystem: class",
  "InputToken: type alias",
  "InputVoice: class",
  "InteractionEvent: class",
  "InteractionEventType: type alias",
  "InteractionObservation: interface",
  "InteractionScope: interface",
  "InteractionSystem: class",
  "Interval: class",
  "InvalidSceneRegistrationError: class",
  "Json: class",
  "JsonAssetType: class",
  "KeyEvent: class",
  "KeyEventType: type alias",
  "KeyValueStore: interface",
  "Keyboard: enum",
  "KindByPath: type alias",
  "Label: class",
  "LayoutOptions: interface",
  "Line: class",
  "LineLike: interface",
  "LineShaper: interface",
  "LinearGradient: class",
  "LoadOptions: interface",
  "LoadPriority: enum",
  "LoadStateValue: type alias",
  "Loadable: type alias",
  "Loader: class",
  "LoaderOptions: interface",
  "LoaderScope: class",
  "LoaderScopeKind: type alias",
  "LoaderScopeOptions: interface",
  "LoadingProgress: interface",
  "LoadingQueue: class",
  "LogEntry: interface",
  "LogOptions: interface",
  "LogSeverity: enum",
  "LogSink: type alias",
  "Logger: class",
  "Loopable: interface",
  "LowpassFilter: class",
  "LowpassFilterOptions: interface",
  "LutFilter: class",
  "LutFilterOptions: interface",
  "LutMode: type alias",
  "ManualCanvasSizing: class",
  "MaskSource: type alias",
  "Material: class",
  "MaterialOptions: interface",
  "Matrix: class",
  "MediaAssetOptions: interface",
  "MediaAssetSource: type alias",
  "MediaCrossOrigin: type alias",
  "MemoryCacheStore: class",
  "MemoryStore: class",
  "Mesh: class",
  "MeshBuilder: variable",
  "MeshGeometryData: interface",
  "MeshIndexArray: type alias",
  "MeshIndexFormat: type alias",
  "MeshMaterial: class",
  "MeshOptions: interface",
  "Milliseconds: type alias",
  "MultiRenderTarget: class",
  "MultiRenderTargetOptions: interface",
  "MusicAssetOptions: interface",
  "MusicAssetType: class",
  "Mutable: type alias",
  "NetworkFirstPolicy: class",
  "NetworkHint: type alias",
  "NetworkHintSource: interface",
  "NetworkMode: type alias",
  "NetworkOnlyPolicy: class",
  "NineSliceInsets: interface",
  "NineSliceModes: interface",
  "NineSliceOptions: interface",
  "NineSliceSprite: class",
  "NodeSerializer: interface",
  "ObservableSize: class",
  "ObservableVector: class",
  "OffscreenPlatform: class",
  "OffscreenSurfaceRect: interface",
  "OneOrMany: type alias",
  "OscillatorType: type alias",
  "OwnedNetworkHintSource: interface",
  "Panel: class",
  "PanelOptions: interface",
  "PassContext: class",
  "Pausable: interface",
  "Perf: variable",
  "PhasedSceneTransition: class",
  "PhasedSceneTransitionOptions: interface",
  "PixelSnapMode: enum",
  "PlatformAdapter: interface",
  "PlatformEvent: interface",
  "PlatformEventData: type alias",
  "PlatformKeyboardEvent: interface",
  "PlatformListenerOptions: interface",
  "PlatformPointerEvent: interface",
  "PlatformPositionalEvent: interface",
  "PlatformSubscription: type alias",
  "PlatformSurfaceEventMap: interface",
  "PlatformSurfaceMetrics: interface",
  "PlatformTextInput: interface",
  "PlatformTextInputHints: interface",
  "PlatformWheelEvent: interface",
  "PlatformWindowEventMap: interface",
  "PlayOptions: interface",
  "PlayStationGeneration: enum",
  "Playable: interface",
  "PlaybackOptions: interface",
  "PointLike: interface",
  "Pointer: class",
  "PointerButton: enum",
  "PointerChannel: type alias",
  "PointerState: enum",
  "PolarVector: class",
  "Polygon: class",
  "PolygonLike: interface",
  "PreSizeOptions: interface",
  "Prefab: class",
  "PreloadArgs: type alias",
  "PreloadOptions: type alias",
  "ProgressBar: class",
  "ProgressBarFillMode: type alias",
  "ProgressBarOptions: interface",
  "Quadtree: class",
  "QuadtreeItem: interface",
  "RadialGradient: class",
  "Random: class",
  "RatePitched: interface",
  "ReadonlyRectangle: interface",
  "RecentErrorEntry: interface",
  "Rectangle: class",
  "RectangleLike: interface",
  "RegistryKeyOf: type alias",
  "RenderBackendType: enum",
  "RenderBatch: class",
  "RenderError: class",
  "RenderErrorCode: type alias",
  "RenderErrorOptions: interface",
  "RenderNode: class",
  "RenderNodePass: class",
  "RenderNodePassOptions: interface",
  "RenderOptions: interface",
  "RenderPass: class",
  "RenderPassOptions: interface",
  "RenderPipeline: class",
  "RenderStats: interface",
  "RenderSurface: type alias",
  "RenderTarget: class",
  "RenderTexture: class",
  "RenderToOptions: interface",
  "RenderingApplicationOptions: interface",
  "RenderingContext: class",
  "RenderingPrimitives: enum",
  "RepeatFit: type alias",
  "RepeatMode: type alias",
  "RepeatPlan: interface",
  "RepeatSegment: interface",
  "RepeatingSprite: class",
  "RepeatingSpriteOptions: interface",
  "ResolvedGamepadDefinition: interface",
  "ResolvedTextGradient: interface",
  "ResourceKey: type alias",
  "ResponsiveCanvasSizing: class",
  "ResponsiveCanvasSizingOptions: interface",
  "RestoreSceneOptions: interface",
  "RetainedContainer: class",
  "RetainedSceneConflictError: class",
  "RetainedSceneNotFoundError: class",
  "SERIALIZATION_VERSION: variable",
  "SamplerOptions: interface",
  "ScaleModes: enum",
  "Scene: class",
  "SceneActionMapOptions: interface",
  "SceneAvailability: enum",
  "SceneConstructor: type alias",
  "SceneDirector: class",
  "SceneInputBindingOptions: interface",
  "SceneInstanceKind: type alias",
  "SceneInstanceNotFoundError: class",
  "SceneInteractionOptions: interface",
  "SceneNavigationAbortedError: class",
  "SceneNode: class",
  "SceneNodeConstructor: type alias",
  "SceneRegistration: type alias",
  "SceneRegistryShape: type alias",
  "SceneState: enum",
  "SceneTransition: class",
  "SceneTransitionContext: interface",
  "SceneTransitionEnvironment: interface",
  "SceneTransitionFrame: interface",
  "SceneTransitionLifecycleError: class",
  "SceneTransitionOperation: type alias",
  "SceneTransitionPhaseContext: interface",
  "SceneTransitionPhaseRequirements: interface",
  "SceneTransitionPhases: type alias",
  "SceneTransitionRequirements: interface",
  "SceneTransitionSelection: type alias",
  "SceneTransitionSession: interface",
  "ScopeToken: type alias",
  "ScrollContainer: class",
  "ScrollContainerOptions: interface",
  "ScrollDirection: type alias",
  "Scrollbar: class",
  "ScrollbarOptions: interface",
  "ScrollbarOrientation: type alias",
  "ScrollbarVisibility: type alias",
  "SeamlessAdapter: interface",
  "Seconds: type alias",
  "Seekable: interface",
  "SequenceAction: class",
  "SequenceActionOptions: interface",
  "SequenceBinding: type alias",
  "SerializationRegistry: class",
  "SerializeContext: interface",
  "SerializedActionBinding: type alias",
  "SerializedAssetRef: interface",
  "SerializedAxisEntry: interface",
  "SerializedNode: interface",
  "SerializedPrefab: interface",
  "SerializedScene: interface",
  "SerializedVectorEntry: interface",
  "Shader: class",
  "ShaderAttribute: class",
  "ShaderFilter: class",
  "ShaderFilterBackendError: class",
  "ShaderFilterLanguage: type alias",
  "ShaderFilterOptions: interface",
  "ShaderFilterSourceOptions: interface",
  "ShaderFilterUniformValue: type alias",
  "ShaderPrimitives: enum",
  "ShaderProgram: interface",
  "ShaderSource: class",
  "ShaderSourceOptions: interface",
  "ShaderUniform: class",
  "ShapeLike: interface",
  "ShapingMode: type alias",
  "Signal: class",
  "SingleEntryLayout: class",
  "Size: class",
  "SlideDirection: type alias",
  "SlideMode: type alias",
  "SlideSceneTransition: class",
  "SlideSceneTransitionOptions: interface",
  "Slider: class",
  "SliderOptions: interface",
  "SolidTexel: interface",
  "Sound: class",
  "SoundAssetOptions: interface",
  "SoundAssetType: class",
  "SoundOptions: interface",
  "SoundPlayOptions: interface",
  "SoundPoolStrategy: enum",
  "SoundSpriteSheet: type alias",
  "SourceCodecContext: interface",
  "SourceKey: type alias",
  "SpatialPoint: interface",
  "SpatialSmoothingSettings: interface",
  "SpatialZones: class",
  "Spatializable: interface",
  "Sprite: class",
  "SpriteMaterial: class",
  "Spritesheet: class",
  "SpritesheetData: interface",
  "SpritesheetFrame: interface",
  "Stack: class",
  "StackAlign: type alias",
  "StackDirection: type alias",
  "StackOptions: interface",
  "StandardGamepadMappingOptions: interface",
  "StreamingLoadEvent: type alias",
  "StyleChangeHint: type alias",
  "SubtitleAsset: class",
  "SubtitleAssetType: class",
  "SubtitleFormat: type alias",
  "SvgAsset: class",
  "SvgAssetOptions: interface",
  "SvgAssetType: class",
  "Sweep: variable",
  "SweptHit: interface",
  "Synchronous: type alias",
  "System: type alias",
  "SystemMethods: interface",
  "SystemOrder: enum",
  "SystemPhase: type alias",
  "SystemRegistrationOptions: interface",
  "SystemRegistry: class",
  "TAU: variable",
  "Text: class",
  "TextAlignment: type alias",
  "TextArea: class",
  "TextAreaOptions: interface",
  "TextAsset: class",
  "TextAssetType: class",
  "TextEditIntent: type alias",
  "TextEditWidget: class",
  "TextFontMetrics: interface",
  "TextGradient: interface",
  "TextInput: class",
  "TextInputOptions: interface",
  "TextLayoutResult: interface",
  "TextLayoutStyle: interface",
  "TextLineMetrics: interface",
  "TextOptions: interface",
  "TextPageQuads: interface",
  "TextSize: interface",
  "TextStyle: class",
  "TextStyleOptions: interface",
  "TextTransform: type alias",
  "Texture: class",
  "TextureAssetOptions: interface",
  "TextureAssetType: class",
  "TextureFormat: enum",
  "TextureOptions: interface",
  "TextureRegion: class",
  "TextureRegionInsets: interface",
  "TextureRegionOptions: interface",
  "TextureSource: type alias",
  "TextureUploadOptions: interface",
  "ThemedContainer: class",
  "Ticker: interface",
  "Time: variable",
  "TimeSource: interface",
  "Timer: class",
  "Toggle: class",
  "ToggleOptions: interface",
  "Tooltip: class",
  "TooltipOptions: interface",
  "Topology: type alias",
  "Tween: class",
  "TweenLifecycleCallback: type alias",
  "TweenSequencer: class",
  "TweenSequencerState: enum",
  "TweenState: enum",
  "TweenSystem: class",
  "TweenUpdateCallback: type alias",
  "TypedArray: type alias",
  "TypedEnum: type alias",
  "UIAnimatedBackground: interface",
  "UIBackground: type alias",
  "UIBackgroundInput: type alias",
  "UIBackgroundNode: type alias",
  "UIBackgroundOptions: interface",
  "UIFillBackground: interface",
  "UIFillPatch: interface",
  "UIInsets: interface",
  "UINineSliceBackground: interface",
  "UINoBackground: interface",
  "UIRoot: class",
  "UISkin: interface",
  "UISkinPatch: type alias",
  "UISkinSet: type alias",
  "UISkinSetPatch: type alias",
  "UISpriteBackground: interface",
  "UISpriteFit: type alias",
  "UITheme: type alias",
  "UIThemePatch: type alias",
  "UIThemeRole: type alias",
  "UIWidgetState: type alias",
  "UniformValue: type alias",
  "UnloadOptions: interface",
  "UnregisteredSceneError: class",
  "ValidatedChordBinding: type alias",
  "ValidatedSequenceBinding: type alias",
  "ValueAsset: type alias",
  "ValueOf: type alias",
  "Vector: class",
  "VectorAction: class",
  "VectorBinding: type alias",
  "VectorBindingShape: interface",
  "Video: class",
  "VideoAssetOptions: interface",
  "VideoAssetType: class",
  "View: class",
  "ViewFollowOptions: interface",
  "ViewFollowTarget: type alias",
  "ViewOptions: interface",
  "ViewShakeOptions: interface",
  "Voice: interface",
  "WasmAsset: class",
  "WasmAssetType: class",
  "WebGl2BackendConfig: interface",
  "WebGpuBackendConfig: interface",
  "WebStorageStore: class",
  "WebStorageStoreOptions: interface",
  "Widget: class",
  "WidgetAnchor: type alias",
  "WorkletEffect: class",
  "WrapModes: enum",
  "XmlAsset: class",
  "XmlAssetType: class",
  "bezierCurveTo: variable",
  "binarySourceCodec: variable",
  "binaryType: variable",
  "bmFontType: variable",
  "browserNetworkHints: variable",
  "buildInfo: variable",
  "cacheHit: variable",
  "cacheMiss: variable",
  "cacheNamespacePrefix: variable",
  "clamp: variable",
  "compressedBlockLayout: variable",
  "compressedBlocksAcross: variable",
  "compressedBlocksDown: variable",
  "compressedFormatPreference: variable",
  "compressedLevelByteLength: variable",
  "coreAssetTypes: variable",
  "createArcadeStickGamepadMapping: variable",
  "createJoyConLeftGamepadMapping: variable",
  "createJoyConRightGamepadMapping: variable",
  "createPlayStationGamepadMapping: variable",
  "createRenderStats: variable",
  "createStandardGamepadMapping: variable",
  "createSteamControllerGamepadMapping: variable",
  "createSteamDeckGamepadMapping: variable",
  "createSwitchProGamepadMapping: variable",
  "createUIBackground: variable",
  "createUITheme: variable",
  "createXboxGamepadMapping: variable",
  "crossFade: variable",
  "csvType: variable",
  "decodeAudioData: variable",
  "defaultUITheme: variable",
  "degreesToRadians: variable",
  "fontType: variable",
  "formatShaderError: variable",
  "getAudioContext: variable",
  "getDistance: variable",
  "getOfflineAudioContext: variable",
  "imageType: variable",
  "inRange: variable",
  "inputChannelFromToken: variable",
  "inputToken: variable",
  "isAdvancedBlendMode: variable",
  "isAudioContextReady: variable",
  "isCompressedTextureFormat: variable",
  "isDomCanvas: variable",
  "isPowerOfTwo: variable",
  "jsonSourceCodec: variable",
  "jsonType: variable",
  "keyboardChannelFromCode: variable",
  "lerp: variable",
  "logger: variable",
  "maxPointers: variable",
  "maxUint16VertexCount: variable",
  "meshIndexBytes: variable",
  "meshIndexFormatFor: variable",
  "musicType: variable",
  "onAudioContextReady: variable",
  "onAudioPlaybackBlocked: variable",
  "orderCompressedFormats: variable",
  "pointerSlotSize: variable",
  "quadraticCurveTo: variable",
  "radiansToDegrees: variable",
  "registerAudioWorkletProcessor: variable",
  "registerSerializer: variable",
  "resetRenderStats: variable",
  "resolveUISkin: variable",
  "serializeCacheRecordKey: variable",
  "sign: variable",
  "soundType: variable",
  "subtitleType: variable",
  "svgType: variable",
  "textGradientMaxStops: variable",
  "textSourceCodec: variable",
  "textType: variable",
  "textureType: variable",
  "triangulate: variable",
  "trimRotation: variable",
  "videoType: variable",
  "wasmType: variable",
  "xmlType: variable",
]
`;
