// Vitest Snapshot v1, https://vitest.dev/guide/snapshot.html

exports[`root index export surface snapshot > sorted runtime export names match committed snapshot 1`] = `
[
  "AbstractText",
  "ActionBase",
  "ActionMap",
  "AmbiguousSceneInstanceError",
  "AnimatedSprite",
  "AnimationSystem",
  "Application",
  "ApplicationState",
  "Asset",
  "AssetCache",
  "AssetCacheError",
  "AssetCacheMissError",
  "AssetDecodeError",
  "AssetNetworkError",
  "AssetRef",
  "AssetType",
  "AssetVariantSet",
  "Assets",
  "AudioBus",
  "AudioEffect",
  "AudioGenerator",
  "AudioInput",
  "AudioListener",
  "AudioSend",
  "AudioStream",
  "AudioSystem",
  "AudioUnsupportedError",
  "AudioZone",
  "AxisAction",
  "BinaryAsset",
  "BinaryAssetType",
  "BindingProfile",
  "BiquadEffect",
  "BitmapText",
  "BlendModes",
  "BlurFilter",
  "BmFont",
  "BmFontAdapter",
  "BmFontAssetType",
  "Bounds",
  "BrowserPlatform",
  "BufferTypes",
  "BufferUsage",
  "Button",
  "ButtonAction",
  "ButtonLikeAction",
  "CacheFirstPolicy",
  "CacheOnlyPolicy",
  "CacheRoute",
  "CallbackRenderPass",
  "CanvasSizing",
  "Capabilities",
  "CappedResolutionCanvasSizing",
  "ChannelOffset",
  "ChannelSize",
  "Checkbox",
  "ChordAction",
  "Circle",
  "Clock",
  "Codec",
  "Collision",
  "CollisionType",
  "Color",
  "ColorMatrixFilter",
  "CompressedTexture",
  "CompressedTextureFormat",
  "ConcurrentSceneNavigationError",
  "Connectivity",
  "ConnectivityPolicyResolver",
  "Container",
  "CrossFadeSceneTransition",
  "CsvAsset",
  "CsvAssetType",
  "DataTexture",
  "DestroyScope",
  "DockContainer",
  "Drawable",
  "Dropdown",
  "DuplicateSceneRegistrationError",
  "DynamicAabbTree",
  "Ease",
  "Ellipse",
  "Envelope",
  "FadeSceneTransition",
  "Filter",
  "FixedResolutionCanvasSizing",
  "Flags",
  "FontAsset",
  "FontAssetType",
  "Gamepad",
  "GamepadAxis",
  "GamepadButton",
  "GamepadMapping",
  "GamepadMappingFamily",
  "GamepadMappingLayout",
  "GamepadPromptLayouts",
  "Geometry",
  "GlyphAtlas",
  "GlyphMetrics",
  "Gradient",
  "Graphics",
  "HTMLText",
  "HighpassFilter",
  "INSTANCE_TRANSFORM_GLSL",
  "INSTANCE_TRANSFORM_WGSL",
  "ImageAsset",
  "ImageAssetType",
  "IndexedDbDatabase",
  "IndexedDbKeyValueStore",
  "IndexedDbStore",
  "InputBinding",
  "InputBindingError",
  "InputScope",
  "InputSystem",
  "InteractionEvent",
  "InteractionSystem",
  "Interval",
  "InvalidSceneRegistrationError",
  "Json",
  "JsonAssetType",
  "KeyEvent",
  "Keyboard",
  "Label",
  "Line",
  "LinearGradient",
  "LoadPriority",
  "Loader",
  "LoaderScope",
  "LoadingQueue",
  "LogSeverity",
  "Logger",
  "LowpassFilter",
  "LutFilter",
  "ManualCanvasSizing",
  "Material",
  "Matrix",
  "MemoryCacheStore",
  "MemoryStore",
  "Mesh",
  "MeshBuilder",
  "MeshMaterial",
  "MultiRenderTarget",
  "MusicAssetType",
  "NetworkFirstPolicy",
  "NetworkOnlyPolicy",
  "NineSliceSprite",
  "ObservableSize",
  "ObservableVector",
  "OffscreenPlatform",
  "Panel",
  "PassContext",
  "Perf",
  "PhasedSceneTransition",
  "PixelSnapMode",
  "PlayStationGeneration",
  "Pointer",
  "PointerButton",
  "PointerState",
  "PolarVector",
  "Polygon",
  "Prefab",
  "ProgressBar",
  "Quadtree",
  "RadialGradient",
  "Random",
  "Rectangle",
  "RenderBackendType",
  "RenderBatch",
  "RenderError",
  "RenderNode",
  "RenderNodePass",
  "RenderPass",
  "RenderPipeline",
  "RenderTarget",
  "RenderTexture",
  "RenderingContext",
  "RenderingPrimitives",
  "RepeatingSprite",
  "ResponsiveCanvasSizing",
  "RetainedContainer",
  "RetainedSceneConflictError",
  "RetainedSceneNotFoundError",
  "SERIALIZATION_VERSION",
  "ScaleModes",
  "Scene",
  "SceneAvailability",
  "SceneDirector",
  "SceneInstanceNotFoundError",
  "SceneNavigationAbortedError",
  "SceneNode",
  "SceneState",
  "SceneTransition",
  "SceneTransitionLifecycleError",
  "ScrollContainer",
  "Scrollbar",
  "SequenceAction",
  "SerializationRegistry",
  "Shader",
  "ShaderAttribute",
  "ShaderFilter",
  "ShaderFilterBackendError",
  "ShaderPrimitives",
  "ShaderSource",
  "ShaderUniform",
  "Signal",
  "SingleEntryLayout",
  "Size",
  "SlideSceneTransition",
  "Slider",
  "Sound",
  "SoundAssetType",
  "SoundPoolStrategy",
  "SpatialZones",
  "Sprite",
  "SpriteFlags",
  "SpriteMaterial",
  "Spritesheet",
  "Stack",
  "SubtitleAsset",
  "SubtitleAssetType",
  "SvgAsset",
  "SvgAssetType",
  "Sweep",
  "SystemOrder",
  "SystemRegistry",
  "TAU",
  "Text",
  "TextArea",
  "TextAsset",
  "TextAssetType",
  "TextInput",
  "TextStyle",
  "Texture",
  "TextureAssetType",
  "TextureFormat",
  "TextureRegion",
  "ThemedContainer",
  "Time",
  "Timer",
  "Toggle",
  "Tooltip",
  "Tween",
  "TweenSequencer",
  "TweenSequencerState",
  "TweenState",
  "TweenSystem",
  "UIRoot",
  "UnregisteredSceneError",
  "Vector",
  "VectorAction",
  "Video",
  "VideoAssetType",
  "View",
  "ViewFlags",
  "WasmAsset",
  "WasmAssetType",
  "WebStorageStore",
  "Widget",
  "WorkletEffect",
  "WrapModes",
  "XmlAsset",
  "XmlAssetType",
  "bezierCurveTo",
  "binarySourceCodec",
  "binaryType",
  "bmFontType",
  "browserNetworkHints",
  "buildInfo",
  "cacheHit",
  "cacheMiss",
  "cacheNamespacePrefix",
  "clamp",
  "compressedBlockLayout",
  "compressedBlocksAcross",
  "compressedBlocksDown",
  "compressedFormatPreference",
  "compressedLevelByteLength",
  "coreAssetTypes",
  "createArcadeStickGamepadMapping",
  "createJoyConLeftGamepadMapping",
  "createJoyConRightGamepadMapping",
  "createPlayStationGamepadMapping",
  "createRenderStats",
  "createStandardGamepadMapping",
  "createSteamControllerGamepadMapping",
  "createSteamDeckGamepadMapping",
  "createSwitchProGamepadMapping",
  "createUIBackground",
  "createUITheme",
  "createXboxGamepadMapping",
  "crossFade",
  "csvType",
  "decodeAudioData",
  "defaultUITheme",
  "degreesToRadians",
  "fontType",
  "formatShaderError",
  "getAudioContext",
  "getDistance",
  "getOfflineAudioContext",
  "imageType",
  "inRange",
  "inputChannelFromToken",
  "inputToken",
  "isAdvancedBlendMode",
  "isAudioContextReady",
  "isCompressedTextureFormat",
  "isDomCanvas",
  "isPowerOfTwo",
  "jsonSourceCodec",
  "jsonType",
  "keyboardChannelFromCode",
  "lerp",
  "logger",
  "maxPointers",
  "maxUint16VertexCount",
  "meshIndexBytes",
  "meshIndexFormatFor",
  "musicType",
  "onAudioContextReady",
  "onAudioPlaybackBlocked",
  "orderCompressedFormats",
  "pointerSlotSize",
  "quadraticCurveTo",
  "radiansToDegrees",
  "registerAudioWorkletProcessor",
  "registerSerializer",
  "resetRenderStats",
  "resolveUISkin",
  "serializeCacheRecordKey",
  "sign",
  "soundType",
  "subtitleType",
  "svgType",
  "textSourceCodec",
  "textType",
  "textureType",
  "triangulate",
  "trimRotation",
  "videoType",
  "wasmType",
  "xmlType",
]
`;
