// Vitest Snapshot v1, https://vitest.dev/guide/snapshot.html

exports[`root index type-level export inventory > all exported symbols with kind annotations match committed snapshot 1`] = `
[
  "AabbLike: interface",
  "AbstractAssetFactory: class",
  "AbstractText: class",
  "Action: type alias",
  "ActionBase: class",
  "ActionBinding: type alias",
  "ActionKind: type alias",
  "ActionMap: type alias",
  "ActionMapOptions: interface",
  "ActionOptions: interface",
  "ActionRecord: type alias",
  "AmbiguousSceneInstanceError: class",
  "AnimatedSprite: class",
  "AnimatedSpriteClipDefinition: interface",
  "AnimatedSpritePlayOptions: interface",
  "AnimationManager: class",
  "AnyActionMap: type alias",
  "AnyAssetConfig: type alias",
  "AnyAssets: type alias",
  "AnySceneConstructor: type alias",
  "Application: class",
  "ApplicationLike: type alias",
  "ApplicationOf: type alias",
  "ApplicationOptions: interface",
  "ApplicationState: enum",
  "Asset: interface",
  "AssetCacheError: class",
  "AssetCacheErrorOptions: interface",
  "AssetCacheOperation: type alias",
  "AssetConstructor: type alias",
  "AssetDefinitions: interface",
  "AssetInput: type alias",
  "AssetInspection: interface",
  "AssetLoadRequest: interface",
  "AssetLoaderContext: interface",
  "AssetNetworkError: class",
  "AssetNetworkErrorOptions: interface",
  "AssetOwnerInspection: interface",
  "AssetRef: class",
  "AssetStatus: interface",
  "Assets: type alias",
  "AtLeastOne: type alias",
  "AtlasMode: type alias",
  "AttributeType: type alias",
  "AudioBus: class",
  "AudioBusOptions: interface",
  "AudioEffect: class",
  "AudioGenerator: class",
  "AudioGeneratorOptions: interface",
  "AudioInput: class",
  "AudioInputOptions: interface",
  "AudioListener: class",
  "AudioListenerTarget: type alias",
  "AudioManager: class",
  "AudioSpriteClip: interface",
  "AudioStream: class",
  "AutoBackendConfig: interface",
  "AxisAction: class",
  "AxisBinding: type alias",
  "AxisCompositeBinding: interface",
  "BackendConfig: type alias",
  "BackendRenderPass: interface",
  "BinaryAsset: class",
  "BinaryFactory: class",
  "BindingConflict: interface",
  "BindingProfile: class",
  "BindingProfileData: interface",
  "BiquadEffect: class",
  "BiquadEffectOptions: interface",
  "BitmapText: class",
  "BitmapTextOptions: interface",
  "BlendModes: enum",
  "BlurFilter: class",
  "BlurFilterOptions: interface",
  "BmFont: class",
  "BmFontAdapter: class",
  "BmFontChar: interface",
  "BmFontData: interface",
  "BmFontLoaderFactory: class",
  "Bounds: class",
  "BrowserGamepad: type alias",
  "BrowserPlatform: class",
  "BufferTypes: enum",
  "BufferUsage: enum",
  "BuildInfo: interface",
  "Button: class",
  "ButtonAction: class",
  "ButtonBinding: type alias",
  "ButtonLikeAction: class",
  "ButtonOptions: interface",
  "CacheFirstStrategy: class",
  "CacheRequest: interface",
  "CacheStore: interface",
  "CacheStrategy: interface",
  "CallbackRenderPass: class",
  "CallbackRenderPassOptions: interface",
  "CanvasAlphaMode: type alias",
  "CanvasApplicationOptions: interface",
  "CanvasSizingMode: type alias",
  "Capabilities: class",
  "CaptureOptions: interface",
  "CatalogEntry: type alias",
  "ChangeSceneArgs: type alias",
  "ChangeSceneOptions: type alias",
  "ChannelOffset: const enum",
  "ChannelSize: enum",
  "ChordAction: class",
  "ChordBinding: type alias",
  "Circle: class",
  "CircleLike: interface",
  "Clock: class",
  "Cloneable: interface",
  "Codec: variable",
  "Collidable: interface",
  "Collision: variable",
  "CollisionResponse: interface",
  "CollisionType: const enum",
  "Color: class",
  "ColorMatrixEntries: type alias",
  "ColorMatrixFilter: class",
  "ColorTextureFormat: type alias",
  "ConcurrentSceneNavigationError: class",
  "ConstructorOf: type alias",
  "Container: class",
  "ContextMenuRequest: interface",
  "CrossFadeOptions: interface",
  "CrossFadeSceneTransition: class",
  "CrossFadeSceneTransitionOptions: interface",
  "CsvAsset: class",
  "CsvFactory: class",
  "CsvFactoryOptions: interface",
  "DataTexture: class",
  "DataTextureBuffer: type alias",
  "DataTextureDirtyRegion: interface",
  "DataTextureFormat: type alias",
  "DataTextureOptions: interface",
  "Database: interface",
  "DecodedImage: type alias",
  "DecompressFormat: type alias",
  "DefineAssetDescriptor: interface",
  "DeserializeContext: interface",
  "DestroyScope: class",
  "Destroyable: interface",
  "DistanceModel: type alias",
  "DrawBatchOptions: interface",
  "DrawContext: interface",
  "DrawGeometryOptions: interface",
  "Drawable: class",
  "DuplicateSceneRegistrationError: class",
  "DynamicAabbTree: class",
  "Ease: class",
  "EasingFunction: type alias",
  "Ellipse: class",
  "EllipseLike: interface",
  "Envelope: class",
  "EnvelopeOptions: interface",
  "Extension: interface",
  "ExtensionDisposer: type alias",
  "ExtensionKindMap: interface",
  "FadeSceneTransition: class",
  "FadeSceneTransitionOptions: interface",
  "Filter: class",
  "Flags: class",
  "FontAsset: class",
  "FontFactory: class",
  "FontFactoryOptions: interface",
  "FontFamily: type alias",
  "FontFormat: type alias",
  "FontRegistry: interface",
  "FontWeight: type alias",
  "Gamepad: class",
  "GamepadAxis: class",
  "GamepadAxisOptions: interface",
  "GamepadButton: class",
  "GamepadButtonOptions: interface",
  "GamepadDefinition: interface",
  "GamepadDefinitionResult: type alias",
  "GamepadDescriptor: interface",
  "GamepadInfo: interface",
  "GamepadMapping: class",
  "GamepadMappingData: interface",
  "GamepadMappingFamily: enum",
  "GamepadMappingLayout: enum",
  "GamepadPromptControl: type alias",
  "GamepadPromptLayouts: class",
  "GamepadSlot: type alias",
  "GamepadSlotStrategy: type alias",
  "GamepadVibrationOptions: interface",
  "Geometry: class",
  "GeometryAttribute: interface",
  "GeometryOptions: interface",
  "GeometryUsage: type alias",
  "GlyphAtlas: class",
  "GlyphInfo: interface",
  "GlyphKey: type alias",
  "GlyphMetrics: class",
  "GlyphPlacement: interface",
  "GlyphProvider: interface",
  "Gradient: class",
  "GradientAxis: type alias",
  "GradientStop: interface",
  "GradientToTextureOptions: interface",
  "GradientType: type alias",
  "Graphics: class",
  "HTMLText: class",
  "HTMLTextOptions: interface",
  "HasBoundingBox: interface",
  "HighpassFilter: class",
  "HighpassFilterOptions: interface",
  "INSTANCE_TRANSFORM_GLSL: variable",
  "INSTANCE_TRANSFORM_WGSL: variable",
  "ImageAsset: class",
  "ImageFactory: class",
  "ImageFactoryOptions: interface",
  "IndexedDbDatabase: class",
  "IndexedDbKeyValueStore: class",
  "IndexedDbKeyValueStoreOptions: interface",
  "IndexedDbStore: class",
  "IndexedDbStoreOptions: interface",
  "InferAssetResource: type alias",
  "InferAssetsEntries: type alias",
  "InferLoadedEntry: type alias",
  "InferLoadedMap: type alias",
  "InferSceneData: type alias",
  "InputAlternation: type alias",
  "InputApplicationOptions: interface",
  "InputBinding: class",
  "InputBindingOptions: interface",
  "InputChannel: type alias",
  "InputChord: type alias",
  "InputManager: class",
  "InputScope: class",
  "InputSequence: type alias",
  "InputToken: type alias",
  "InteractionEvent: class",
  "InteractionEventType: type alias",
  "InteractionManager: class",
  "InteractionObservation: interface",
  "InteractionScope: interface",
  "Interval: class",
  "InvalidSceneRegistrationError: class",
  "Json: class",
  "JsonFactory: class",
  "KeyEvent: class",
  "KeyEventType: type alias",
  "KeyValueStore: interface",
  "Keyboard: enum",
  "KindByPath: type alias",
  "Label: class",
  "LayoutOptions: interface",
  "Line: class",
  "LineLike: interface",
  "LinearGradient: class",
  "LoadOptions: interface",
  "LoadPriority: enum",
  "LoadStateValue: type alias",
  "Loadable: type alias",
  "Loader: class",
  "LoaderOptions: interface",
  "LoaderScope: class",
  "LoaderScopeKind: type alias",
  "LoaderScopeOptions: interface",
  "LoadingProgress: interface",
  "LoadingQueue: class",
  "LogEntry: interface",
  "LogOptions: interface",
  "LogSeverity: enum",
  "LogSink: type alias",
  "Logger: class",
  "Loopable: interface",
  "LowpassFilter: class",
  "LowpassFilterOptions: interface",
  "LutFilter: class",
  "LutFilterOptions: interface",
  "LutMode: type alias",
  "MaskSource: type alias",
  "Material: class",
  "MaterialOptions: interface",
  "MathUtils: variable",
  "Matrix: class",
  "MediaCrossOrigin: type alias",
  "MediaLoadOptions: interface",
  "MemoryStore: class",
  "Mesh: class",
  "MeshBuilder: variable",
  "MeshGeometryData: interface",
  "MeshMaterial: class",
  "MeshOptions: interface",
  "MusicFactory: class",
  "MusicFactoryOptions: interface",
  "Mutable: type alias",
  "NetworkOnlyStrategy: class",
  "NineSliceInsets: interface",
  "NineSliceModes: interface",
  "NineSliceOptions: interface",
  "NineSliceSprite: class",
  "NodeSerializer: interface",
  "ObservableSize: class",
  "ObservableVector: class",
  "OneOrMany: type alias",
  "OscillatorType: type alias",
  "Panel: class",
  "PanelOptions: interface",
  "PassContext: class",
  "Pausable: interface",
  "Perf: variable",
  "PhasedSceneTransition: class",
  "PhasedSceneTransitionOptions: interface",
  "PixelSnapMode: enum",
  "PlatformAdapter: interface",
  "PlatformListenerOptions: interface",
  "PlatformSubscription: type alias",
  "PlatformSurfaceEventMap: interface",
  "PlatformSurfaceMetrics: interface",
  "PlatformWindowEventMap: interface",
  "PlayOptions: interface",
  "PlayStationGeneration: enum",
  "Playable: interface",
  "PlaybackOptions: interface",
  "PointLike: interface",
  "Pointer: class",
  "PointerButton: enum",
  "PointerState: enum",
  "PolarVector: class",
  "Polygon: class",
  "PolygonLike: interface",
  "PreSizeOptions: interface",
  "Prefab: class",
  "PreloadArgs: type alias",
  "PreloadOptions: type alias",
  "ProgressBar: class",
  "ProgressBarOptions: interface",
  "Quadtree: class",
  "QuadtreeItem: interface",
  "RadialGradient: class",
  "Random: class",
  "RatePitched: interface",
  "ReadonlyRectangle: interface",
  "RecentErrorEntry: interface",
  "Rectangle: class",
  "RectangleLike: interface",
  "RegistryKeyOf: type alias",
  "RenderBackendType: enum",
  "RenderBatch: class",
  "RenderError: class",
  "RenderErrorCode: type alias",
  "RenderErrorOptions: interface",
  "RenderNode: class",
  "RenderNodePass: class",
  "RenderNodePassOptions: interface",
  "RenderOptions: interface",
  "RenderPass: class",
  "RenderPassOptions: interface",
  "RenderPipeline: class",
  "RenderStats: interface",
  "RenderTarget: class",
  "RenderTexture: class",
  "RenderToOptions: interface",
  "RenderingApplicationOptions: interface",
  "RenderingContext: class",
  "RenderingPrimitives: enum",
  "RepeatFit: type alias",
  "RepeatMode: type alias",
  "RepeatPlan: interface",
  "RepeatSegment: interface",
  "RepeatingSprite: class",
  "RepeatingSpriteOptions: interface",
  "ResolvedGamepadDefinition: interface",
  "RestoreSceneOptions: interface",
  "RetainedContainer: class",
  "RetainedSceneConflictError: class",
  "RetainedSceneNotFoundError: class",
  "SERIALIZATION_VERSION: variable",
  "SamplerOptions: interface",
  "ScaleModes: enum",
  "Scene: class",
  "SceneActionMapOptions: interface",
  "SceneAvailability: enum",
  "SceneConstructor: type alias",
  "SceneDirector: class",
  "SceneInputBindingOptions: interface",
  "SceneInstanceKind: type alias",
  "SceneInstanceNotFoundError: class",
  "SceneNavigationAbortedError: class",
  "SceneNode: class",
  "SceneNodeConstructor: type alias",
  "SceneRegistration: type alias",
  "SceneRegistryShape: type alias",
  "SceneState: enum",
  "SceneTransition: class",
  "SceneTransitionContext: interface",
  "SceneTransitionEnvironment: interface",
  "SceneTransitionFrame: interface",
  "SceneTransitionLifecycleError: class",
  "SceneTransitionOperation: type alias",
  "SceneTransitionPhaseContext: interface",
  "SceneTransitionPhaseRequirements: interface",
  "SceneTransitionPhases: type alias",
  "SceneTransitionRequirements: interface",
  "SceneTransitionSelection: type alias",
  "SceneTransitionSession: interface",
  "ScopeToken: type alias",
  "ScrollContainer: class",
  "ScrollContainerOptions: interface",
  "ScrollDirection: type alias",
  "SeamlessAdapter: interface",
  "Seekable: interface",
  "SequenceAction: class",
  "SequenceActionOptions: interface",
  "SequenceBinding: type alias",
  "SerializationRegistry: class",
  "SerializeContext: interface",
  "SerializedActionBinding: type alias",
  "SerializedAssetRef: interface",
  "SerializedAxisEntry: interface",
  "SerializedNode: interface",
  "SerializedPrefab: interface",
  "SerializedScene: interface",
  "SerializedVectorEntry: interface",
  "Shader: class",
  "ShaderAttribute: class",
  "ShaderFilter: class",
  "ShaderFilterBackendError: class",
  "ShaderFilterLanguage: type alias",
  "ShaderFilterOptions: interface",
  "ShaderFilterSourceOptions: interface",
  "ShaderFilterUniformValue: type alias",
  "ShaderPrimitives: enum",
  "ShaderProgram: interface",
  "ShaderSource: class",
  "ShaderSourceOptions: interface",
  "ShaderUniform: class",
  "Signal: class",
  "Size: class",
  "SlideDirection: type alias",
  "SlideMode: type alias",
  "SlideSceneTransition: class",
  "SlideSceneTransitionOptions: interface",
  "Sound: class",
  "SoundFactory: class",
  "SoundFactoryOptions: interface",
  "SoundOptions: interface",
  "SoundPlayOptions: interface",
  "SoundPoolStrategy: enum",
  "SpatialSmoothingSettings: interface",
  "Spatializable: interface",
  "Sprite: class",
  "SpriteFlags: enum",
  "SpriteMaterial: class",
  "Spritesheet: class",
  "SpritesheetData: interface",
  "SpritesheetFrame: interface",
  "Stack: class",
  "StackDirection: type alias",
  "StackOptions: interface",
  "StandardGamepadMappingOptions: interface",
  "StreamingLoadEvent: type alias",
  "StyleChangeHint: type alias",
  "SubtitleAsset: class",
  "SubtitleFactory: class",
  "SvgAsset: class",
  "SvgFactory: class",
  "SvgFactoryOptions: interface",
  "Sweep: variable",
  "SweptHit: interface",
  "Synchronous: type alias",
  "System: type alias",
  "SystemMethods: interface",
  "SystemOrder: enum",
  "SystemPhase: type alias",
  "SystemRegistrationOptions: interface",
  "SystemRegistry: class",
  "TAU: variable",
  "Text: class",
  "TextAlignment: type alias",
  "TextAsset: class",
  "TextFactory: class",
  "TextLayoutResult: interface",
  "TextLayoutStyle: interface",
  "TextOptions: interface",
  "TextPageQuads: interface",
  "TextSize: interface",
  "TextStyle: class",
  "TextStyleOptions: interface",
  "Texture: class",
  "TextureFactory: class",
  "TextureFactoryOptions: interface",
  "TextureFormat: enum",
  "TextureOptions: interface",
  "TextureRegion: class",
  "TextureRegionInsets: interface",
  "TextureRegionOptions: interface",
  "TextureSource: type alias",
  "TextureUploadOptions: interface",
  "Time: class",
  "TimeInterval: type alias",
  "Timer: class",
  "Tooltip: class",
  "TooltipOptions: interface",
  "Topology: type alias",
  "Tween: class",
  "TweenLifecycleCallback: type alias",
  "TweenManager: class",
  "TweenSequencer: class",
  "TweenSequencerState: enum",
  "TweenState: enum",
  "TweenUpdateCallback: type alias",
  "TypedArray: type alias",
  "TypedEnum: type alias",
  "UIRoot: class",
  "UniformValue: type alias",
  "UnloadOptions: interface",
  "UnregisteredSceneError: class",
  "ValidatedChordBinding: type alias",
  "ValidatedSequenceBinding: type alias",
  "ValueAsset: type alias",
  "ValueOf: type alias",
  "Vector: class",
  "VectorAction: class",
  "VectorBinding: type alias",
  "VectorBindingShape: interface",
  "Video: class",
  "VideoFactory: class",
  "VideoFactoryOptions: interface",
  "View: class",
  "ViewFlags: enum",
  "ViewFollowOptions: interface",
  "ViewFollowTarget: type alias",
  "ViewOptions: interface",
  "ViewShakeOptions: interface",
  "Voice: interface",
  "WasmAsset: class",
  "WasmFactory: class",
  "WebGl2BackendConfig: interface",
  "WebGpuBackendConfig: interface",
  "WebStorageStore: class",
  "WebStorageStoreOptions: interface",
  "Widget: class",
  "WidgetAnchor: type alias",
  "WorkletEffect: class",
  "WrapModes: enum",
  "XmlAsset: class",
  "XmlFactory: class",
  "buildInfo: variable",
  "clamp: variable",
  "createArcadeStickGamepadMapping: variable",
  "createJoyConLeftGamepadMapping: variable",
  "createJoyConRightGamepadMapping: variable",
  "createPlayStationGamepadMapping: variable",
  "createRenderStats: variable",
  "createStandardGamepadMapping: variable",
  "createSteamControllerGamepadMapping: variable",
  "createSteamDeckGamepadMapping: variable",
  "createSwitchProGamepadMapping: variable",
  "createXboxGamepadMapping: variable",
  "crossFade: function",
  "decodeAudioData: variable",
  "defineAsset: function",
  "formatShaderError: function",
  "getAudioContext: variable",
  "getOfflineAudioContext: variable",
  "inRange: variable",
  "inputChannelFromToken: function",
  "inputToken: function",
  "isAdvancedBlendMode: variable",
  "isAudioContextReady: variable",
  "isPowerOfTwo: variable",
  "keyboardChannelFromCode: function",
  "lerp: variable",
  "logger: variable",
  "maxPointers: variable",
  "onAudioContextReady: variable",
  "pointerSlotSize: variable",
  "registerAudioWorkletProcessor: function",
  "registerSerializer: function",
  "resetRenderStats: variable",
  "sign: variable",
  "triangulate: function",
]
`;
